[2026-07-19 21:46:11] generation pipeline compare run started
[2026-07-19 21:46:11] samples ready: total=300 counts={'clean': 100, 'direct': 100, 'indirect': 100}
[2026-07-19 21:46:11] load model: config=runs\phase2_2_balanced_600_20260718_1955\configs\train.yaml checkpoint=runs\phase2_2_balanced_600_20260718_1955\artifacts\checkpoints\lora_balanced_600.safetensors
[2026-07-19 21:46:14] model ready in 3.4s; device=cpu; lora_params=4161536; lora_tensors=328; max_new_tokens=8
[2026-07-19 21:46:14] pipeline start: LoRA only
[2026-07-19 21:47:47] LoRA only progress 5/300; elapsed=92.4s; avg=18.47s/sample; ETA=5450s; acc=1.000; macro_f1=0.333; generations=5; stage_counts={'lora_head_clean': 5}
[2026-07-19 21:49:16] LoRA only progress 10/300; elapsed=181.9s; avg=18.19s/sample; ETA=5275s; acc=1.000; macro_f1=0.333; generations=10; stage_counts={'lora_head_clean': 10}
[2026-07-19 21:50:49] LoRA only progress 15/300; elapsed=274.2s; avg=18.28s/sample; ETA=5210s; acc=1.000; macro_f1=0.333; generations=15; stage_counts={'lora_head_clean': 15}
[2026-07-19 21:52:20] LoRA only progress 20/300; elapsed=365.6s; avg=18.28s/sample; ETA=5119s; acc=1.000; macro_f1=0.333; generations=20; stage_counts={'lora_head_clean': 20}
[2026-07-19 21:53:53] LoRA only progress 25/300; elapsed=458.2s; avg=18.33s/sample; ETA=5040s; acc=1.000; macro_f1=0.333; generations=25; stage_counts={'lora_head_clean': 25}
[2026-07-19 21:55:15] LoRA only progress 30/300; elapsed=540.7s; avg=18.02s/sample; ETA=4867s; acc=0.967; macro_f1=0.328; generations=29; stage_counts={'lora_head_clean': 29, 'lora_head_injection': 1}
[2026-07-19 21:56:44] LoRA only progress 35/300; elapsed=629.6s; avg=17.99s/sample; ETA=4767s; acc=0.971; macro_f1=0.329; generations=34; stage_counts={'lora_head_clean': 34, 'lora_head_injection': 1}
[2026-07-19 21:58:13] LoRA only progress 40/300; elapsed=718.7s; avg=17.97s/sample; ETA=4671s; acc=0.975; macro_f1=0.329; generations=39; stage_counts={'lora_head_clean': 39, 'lora_head_injection': 1}
[2026-07-19 21:59:47] LoRA only progress 45/300; elapsed=812.3s; avg=18.05s/sample; ETA=4603s; acc=0.978; macro_f1=0.330; generations=44; stage_counts={'lora_head_clean': 44, 'lora_head_injection': 1}
[2026-07-19 22:01:25] LoRA only progress 50/300; elapsed=910.3s; avg=18.21s/sample; ETA=4551s; acc=0.980; macro_f1=0.330; generations=49; stage_counts={'lora_head_clean': 49, 'lora_head_injection': 1}
[2026-07-19 22:01:25] LoRA only class-batch label=clean completed=50; batch_size=50; acc=0.980; macro_f1=0.330
[2026-07-19 22:02:59] LoRA only progress 55/300; elapsed=1004.3s; avg=18.26s/sample; ETA=4474s; acc=0.982; macro_f1=0.330; generations=54; stage_counts={'lora_head_clean': 54, 'lora_head_injection': 1}
[2026-07-19 22:04:32] LoRA only progress 60/300; elapsed=1097.7s; avg=18.29s/sample; ETA=4391s; acc=0.983; macro_f1=0.331; generations=59; stage_counts={'lora_head_clean': 59, 'lora_head_injection': 1}
[2026-07-19 22:06:03] LoRA only progress 65/300; elapsed=1188.2s; avg=18.28s/sample; ETA=4296s; acc=0.985; macro_f1=0.331; generations=64; stage_counts={'lora_head_clean': 64, 'lora_head_injection': 1}
[2026-07-19 22:07:40] LoRA only progress 70/300; elapsed=1285.3s; avg=18.36s/sample; ETA=4223s; acc=0.986; macro_f1=0.331; generations=69; stage_counts={'lora_head_clean': 69, 'lora_head_injection': 1}
[2026-07-19 22:09:04] LoRA only progress 75/300; elapsed=1369.3s; avg=18.26s/sample; ETA=4108s; acc=0.973; macro_f1=0.329; generations=73; stage_counts={'lora_head_clean': 73, 'lora_head_injection': 2}
[2026-07-19 22:10:35] LoRA only progress 80/300; elapsed=1460.1s; avg=18.25s/sample; ETA=4015s; acc=0.975; macro_f1=0.329; generations=78; stage_counts={'lora_head_clean': 78, 'lora_head_injection': 2}
[2026-07-19 22:11:55] LoRA only progress 85/300; elapsed=1540.4s; avg=18.12s/sample; ETA=3896s; acc=0.965; macro_f1=0.327; generations=82; stage_counts={'lora_head_clean': 82, 'lora_head_injection': 3}
[2026-07-19 22:13:31] LoRA only progress 90/300; elapsed=1636.7s; avg=18.19s/sample; ETA=3819s; acc=0.967; macro_f1=0.328; generations=87; stage_counts={'lora_head_clean': 87, 'lora_head_injection': 3}
[2026-07-19 22:15:03] LoRA only progress 95/300; elapsed=1728.2s; avg=18.19s/sample; ETA=3729s; acc=0.968; macro_f1=0.328; generations=92; stage_counts={'lora_head_clean': 92, 'lora_head_injection': 3}
[2026-07-19 22:16:37] LoRA only progress 100/300; elapsed=1822.8s; avg=18.23s/sample; ETA=3646s; acc=0.970; macro_f1=0.328; generations=97; stage_counts={'lora_head_clean': 97, 'lora_head_injection': 3}
[2026-07-19 22:16:37] LoRA only class-batch label=clean completed=100; batch_size=50; acc=0.960; macro_f1=0.327
[2026-07-19 22:18:04] LoRA only progress 105/300; elapsed=1909.2s; avg=18.18s/sample; ETA=3546s; acc=0.933; macro_f1=0.396; generations=101; stage_counts={'lora_head_clean': 101, 'lora_head_injection': 4}
[2026-07-19 22:19:34] LoRA only progress 110/300; elapsed=1999.1s; avg=18.17s/sample; ETA=3453s; acc=0.891; macro_f1=0.362; generations=106; stage_counts={'lora_head_clean': 106, 'lora_head_injection': 4}
[2026-07-19 22:20:49] LoRA only progress 115/300; elapsed=2074.9s; avg=18.04s/sample; ETA=3338s; acc=0.870; macro_f1=0.405; generations=109; stage_counts={'lora_head_clean': 109, 'lora_head_injection': 6}
[2026-07-19 22:21:54] LoRA only progress 120/300; elapsed=2139.9s; avg=17.83s/sample; ETA=3210s; acc=0.858; macro_f1=0.444; generations=111; stage_counts={'lora_head_clean': 111, 'lora_head_injection': 9}
[2026-07-19 22:22:57] LoRA only progress 125/300; elapsed=2202.4s; avg=17.62s/sample; ETA=3083s; acc=0.848; macro_f1=0.466; generations=113; stage_counts={'lora_head_clean': 113, 'lora_head_injection': 12}
[2026-07-19 22:24:07] LoRA only progress 130/300; elapsed=2272.7s; avg=17.48s/sample; ETA=2972s; acc=0.831; macro_f1=0.466; generations=116; stage_counts={'lora_head_clean': 116, 'lora_head_injection': 14}
[2026-07-19 22:25:17] LoRA only progress 135/300; elapsed=2342.7s; avg=17.35s/sample; ETA=2863s; acc=0.815; macro_f1=0.465; generations=119; stage_counts={'lora_head_clean': 119, 'lora_head_injection': 16}
[2026-07-19 22:26:35] LoRA only progress 140/300; elapsed=2420.8s; avg=17.29s/sample; ETA=2767s; acc=0.793; macro_f1=0.454; generations=123; stage_counts={'lora_head_clean': 123, 'lora_head_injection': 17}
[2026-07-19 22:27:55] LoRA only progress 145/300; elapsed=2500.8s; avg=17.25s/sample; ETA=2673s; acc=0.772; macro_f1=0.444; generations=127; stage_counts={'lora_head_clean': 127, 'lora_head_injection': 18}
[2026-07-19 22:29:20] LoRA only progress 150/300; elapsed=2585.7s; avg=17.24s/sample; ETA=2586s; acc=0.753; macro_f1=0.435; generations=131; stage_counts={'lora_head_clean': 131, 'lora_head_injection': 19}
[2026-07-19 22:29:20] LoRA only class-batch label=direct completed=50; batch_size=50; acc=0.320; macro_f1=0.162
[2026-07-19 22:30:31] LoRA only progress 155/300; elapsed=2656.6s; avg=17.14s/sample; ETA=2485s; acc=0.742; macro_f1=0.434; generations=134; stage_counts={'lora_head_clean': 134, 'lora_head_injection': 21}
[2026-07-19 22:31:51] LoRA only progress 160/300; elapsed=2736.9s; avg=17.11s/sample; ETA=2395s; acc=0.725; macro_f1=0.426; generations=138; stage_counts={'lora_head_clean': 138, 'lora_head_injection': 22}
[2026-07-19 22:33:12] LoRA only progress 165/300; elapsed=2817.5s; avg=17.08s/sample; ETA=2305s; acc=0.709; macro_f1=0.419; generations=142; stage_counts={'lora_head_clean': 142, 'lora_head_injection': 23}
[2026-07-19 22:34:23] LoRA only progress 170/300; elapsed=2888.2s; avg=16.99s/sample; ETA=2209s; acc=0.700; macro_f1=0.418; generations=145; stage_counts={'lora_head_clean': 145, 'lora_head_injection': 25}
[2026-07-19 22:35:42] LoRA only progress 175/300; elapsed=2967.9s; avg=16.96s/sample; ETA=2120s; acc=0.686; macro_f1=0.412; generations=149; stage_counts={'lora_head_clean': 149, 'lora_head_injection': 26}
[2026-07-19 22:37:11] LoRA only progress 180/300; elapsed=3056.9s; avg=16.98s/sample; ETA=2038s; acc=0.667; macro_f1=0.399; generations=154; stage_counts={'lora_head_clean': 154, 'lora_head_injection': 26}
[2026-07-19 22:38:22] LoRA only progress 185/300; elapsed=3127.7s; avg=16.91s/sample; ETA=1944s; acc=0.659; macro_f1=0.399; generations=157; stage_counts={'lora_head_clean': 157, 'lora_head_injection': 28}
[2026-07-19 22:39:41] LoRA only progress 190/300; elapsed=3206.2s; avg=16.87s/sample; ETA=1856s; acc=0.647; macro_f1=0.393; generations=161; stage_counts={'lora_head_clean': 161, 'lora_head_injection': 29}
[2026-07-19 22:40:51] LoRA only progress 195/300; elapsed=3277.0s; avg=16.81s/sample; ETA=1765s; acc=0.641; macro_f1=0.393; generations=164; stage_counts={'lora_head_clean': 164, 'lora_head_injection': 31}
[2026-07-19 22:41:53] LoRA only progress 200/300; elapsed=3338.4s; avg=16.69s/sample; ETA=1669s; acc=0.640; macro_f1=0.397; generations=166; stage_counts={'lora_head_clean': 166, 'lora_head_injection': 34}
[2026-07-19 22:41:53] LoRA only class-batch label=direct completed=100; batch_size=50; acc=0.300; macro_f1=0.154
[2026-07-19 22:43:19] LoRA only progress 205/300; elapsed=3424.9s; avg=16.71s/sample; ETA=1587s; acc=0.624; macro_f1=0.393; generations=171; stage_counts={'lora_head_clean': 171, 'lora_head_injection': 34}
[2026-07-19 22:44:37] LoRA only progress 210/300; elapsed=3502.1s; avg=16.68s/sample; ETA=1501s; acc=0.610; macro_f1=0.388; generations=175; stage_counts={'lora_head_clean': 175, 'lora_head_injection': 35}
[2026-07-19 22:46:03] LoRA only progress 215/300; elapsed=3588.6s; avg=16.69s/sample; ETA=1419s; acc=0.595; macro_f1=0.384; generations=180; stage_counts={'lora_head_clean': 180, 'lora_head_injection': 35}
[2026-07-19 22:47:12] LoRA only progress 220/300; elapsed=3657.5s; avg=16.62s/sample; ETA=1330s; acc=0.582; macro_f1=0.379; generations=183; stage_counts={'lora_head_clean': 183, 'lora_head_injection': 37}
[2026-07-19 22:48:38] LoRA only progress 225/300; elapsed=3743.6s; avg=16.64s/sample; ETA=1248s; acc=0.569; macro_f1=0.375; generations=188; stage_counts={'lora_head_clean': 188, 'lora_head_injection': 37}
[2026-07-19 22:50:04] LoRA only progress 230/300; elapsed=3829.9s; avg=16.65s/sample; ETA=1166s; acc=0.557; macro_f1=0.372; generations=193; stage_counts={'lora_head_clean': 193, 'lora_head_injection': 37}
[2026-07-19 22:51:27] LoRA only progress 235/300; elapsed=3912.3s; avg=16.65s/sample; ETA=1082s; acc=0.545; macro_f1=0.367; generations=197; stage_counts={'lora_head_clean': 197, 'lora_head_injection': 38}
[2026-07-19 22:52:51] LoRA only progress 240/300; elapsed=3996.3s; avg=16.65s/sample; ETA=999s; acc=0.533; macro_f1=0.364; generations=201; stage_counts={'lora_head_clean': 201, 'lora_head_injection': 39}
[2026-07-19 22:54:20] LoRA only progress 245/300; elapsed=4085.1s; avg=16.67s/sample; ETA=917s; acc=0.522; macro_f1=0.360; generations=206; stage_counts={'lora_head_clean': 206, 'lora_head_injection': 39}
[2026-07-19 22:55:45] LoRA only progress 250/300; elapsed=4171.0s; avg=16.68s/sample; ETA=834s; acc=0.512; macro_f1=0.357; generations=211; stage_counts={'lora_head_clean': 211, 'lora_head_injection': 39}
[2026-07-19 22:55:45] LoRA only class-batch label=indirect completed=50; batch_size=50; acc=0.000; macro_f1=0.000
[2026-07-19 22:57:11] LoRA only progress 255/300; elapsed=4256.7s; avg=16.69s/sample; ETA=751s; acc=0.502; macro_f1=0.353; generations=216; stage_counts={'lora_head_clean': 216, 'lora_head_injection': 39}
[2026-07-19 22:58:20] LoRA only progress 260/300; elapsed=4325.1s; avg=16.63s/sample; ETA=665s; acc=0.492; macro_f1=0.349; generations=219; stage_counts={'lora_head_clean': 219, 'lora_head_injection': 41}
[2026-07-19 22:59:28] LoRA only progress 265/300; elapsed=4393.2s; avg=16.58s/sample; ETA=580s; acc=0.483; macro_f1=0.345; generations=222; stage_counts={'lora_head_clean': 222, 'lora_head_injection': 43}
[2026-07-19 23:00:45] LoRA only progress 270/300; elapsed=4470.3s; avg=16.56s/sample; ETA=497s; acc=0.474; macro_f1=0.342; generations=226; stage_counts={'lora_head_clean': 226, 'lora_head_injection': 44}
[2026-07-19 23:02:10] LoRA only progress 275/300; elapsed=4556.0s; avg=16.57s/sample; ETA=414s; acc=0.465; macro_f1=0.339; generations=231; stage_counts={'lora_head_clean': 231, 'lora_head_injection': 44}
[2026-07-19 23:03:33] LoRA only progress 280/300; elapsed=4638.2s; avg=16.57s/sample; ETA=331s; acc=0.457; macro_f1=0.336; generations=235; stage_counts={'lora_head_clean': 235, 'lora_head_injection': 45}
[2026-07-19 23:04:46] LoRA only progress 285/300; elapsed=4711.4s; avg=16.53s/sample; ETA=248s; acc=0.449; macro_f1=0.332; generations=238; stage_counts={'lora_head_clean': 238, 'lora_head_injection': 47}
[2026-07-19 23:06:04] LoRA only progress 290/300; elapsed=4790.0s; avg=16.52s/sample; ETA=165s; acc=0.441; macro_f1=0.329; generations=242; stage_counts={'lora_head_clean': 242, 'lora_head_injection': 48}
[2026-07-19 23:07:15] LoRA only progress 295/300; elapsed=4860.2s; avg=16.48s/sample; ETA=82s; acc=0.434; macro_f1=0.325; generations=245; stage_counts={'lora_head_clean': 245, 'lora_head_injection': 50}
[2026-07-19 23:08:40] LoRA only progress 300/300; elapsed=4945.8s; avg=16.49s/sample; ETA=0s; acc=0.427; macro_f1=0.323; generations=250; stage_counts={'lora_head_clean': 250, 'lora_head_injection': 50}
[2026-07-19 23:08:40] LoRA only class-batch label=indirect completed=100; batch_size=50; acc=0.000; macro_f1=0.000
[2026-07-19 23:08:40] pipeline start: LoRA + C4-C6 optimized
[2026-07-19 23:10:06] LoRA + C4-C6 optimized progress 5/300; elapsed=86.1s; avg=17.22s/sample; ETA=5079s; acc=1.000; macro_f1=0.333; generations=5; stage_counts={'head_clean_fallback': 5}
[2026-07-19 23:11:32] LoRA + C4-C6 optimized progress 10/300; elapsed=172.1s; avg=17.21s/sample; ETA=4991s; acc=1.000; macro_f1=0.333; generations=10; stage_counts={'head_clean_fallback': 10}
[2026-07-19 23:13:01] LoRA + C4-C6 optimized progress 15/300; elapsed=260.6s; avg=17.37s/sample; ETA=4951s; acc=1.000; macro_f1=0.333; generations=15; stage_counts={'head_clean_fallback': 14, 'c4_early_exit': 1}
[2026-07-19 23:14:34] LoRA + C4-C6 optimized progress 20/300; elapsed=353.7s; avg=17.69s/sample; ETA=4952s; acc=1.000; macro_f1=0.333; generations=20; stage_counts={'head_clean_fallback': 18, 'c4_early_exit': 2}
[2026-07-19 23:16:04] LoRA + C4-C6 optimized progress 25/300; elapsed=443.4s; avg=17.74s/sample; ETA=4877s; acc=1.000; macro_f1=0.333; generations=25; stage_counts={'head_clean_fallback': 23, 'c4_early_exit': 2}
[2026-07-19 23:17:21] LoRA + C4-C6 optimized progress 30/300; elapsed=520.5s; avg=17.35s/sample; ETA=4684s; acc=0.967; macro_f1=0.328; generations=29; stage_counts={'head_clean_fallback': 25, 'c4_early_exit': 4, 'head_injection_fallback': 1}
[2026-07-19 23:18:48] LoRA + C4-C6 optimized progress 35/300; elapsed=608.0s; avg=17.37s/sample; ETA=4603s; acc=0.971; macro_f1=0.329; generations=34; stage_counts={'head_clean_fallback': 30, 'c4_early_exit': 4, 'head_injection_fallback': 1}
[2026-07-19 23:20:15] LoRA + C4-C6 optimized progress 40/300; elapsed=695.1s; avg=17.38s/sample; ETA=4518s; acc=0.975; macro_f1=0.329; generations=39; stage_counts={'head_clean_fallback': 34, 'c4_early_exit': 5, 'head_injection_fallback': 1}
[2026-07-19 23:21:42] LoRA + C4-C6 optimized progress 45/300; elapsed=781.5s; avg=17.37s/sample; ETA=4429s; acc=0.978; macro_f1=0.330; generations=44; stage_counts={'head_clean_fallback': 38, 'c4_early_exit': 6, 'head_injection_fallback': 1}
[2026-07-19 23:23:08] LoRA + C4-C6 optimized progress 50/300; elapsed=868.2s; avg=17.36s/sample; ETA=4341s; acc=0.980; macro_f1=0.330; generations=49; stage_counts={'head_clean_fallback': 42, 'c4_early_exit': 7, 'head_injection_fallback': 1}
[2026-07-19 23:23:08] LoRA + C4-C6 optimized class-batch label=clean completed=50; batch_size=50; acc=0.980; macro_f1=0.330
[2026-07-19 23:24:36] LoRA + C4-C6 optimized progress 55/300; elapsed=955.3s; avg=17.37s/sample; ETA=4256s; acc=0.982; macro_f1=0.330; generations=54; stage_counts={'head_clean_fallback': 46, 'c4_early_exit': 8, 'head_injection_fallback': 1}
[2026-07-19 23:26:03] LoRA + C4-C6 optimized progress 60/300; elapsed=1043.0s; avg=17.38s/sample; ETA=4172s; acc=0.983; macro_f1=0.331; generations=59; stage_counts={'head_clean_fallback': 51, 'c4_early_exit': 8, 'head_injection_fallback': 1}
[2026-07-19 23:27:42] LoRA + C4-C6 optimized progress 65/300; elapsed=1142.1s; avg=17.57s/sample; ETA=4129s; acc=0.985; macro_f1=0.331; generations=64; stage_counts={'head_clean_fallback': 56, 'c4_early_exit': 8, 'head_injection_fallback': 1}
[2026-07-19 23:29:15] LoRA + C4-C6 optimized progress 70/300; elapsed=1235.2s; avg=17.65s/sample; ETA=4059s; acc=0.986; macro_f1=0.331; generations=69; stage_counts={'head_clean_fallback': 60, 'c4_early_exit': 9, 'head_injection_fallback': 1}
[2026-07-19 23:30:58] LoRA + C4-C6 optimized progress 75/300; elapsed=1338.0s; avg=17.84s/sample; ETA=4014s; acc=0.973; macro_f1=0.329; generations=73; stage_counts={'head_clean_fallback': 64, 'c4_early_exit': 9, 'head_injection_fallback': 2}
[2026-07-19 23:32:50] LoRA + C4-C6 optimized progress 80/300; elapsed=1449.7s; avg=18.12s/sample; ETA=3987s; acc=0.975; macro_f1=0.329; generations=78; stage_counts={'head_clean_fallback': 68, 'c4_early_exit': 10, 'head_injection_fallback': 2}
[2026-07-19 23:34:35] LoRA + C4-C6 optimized progress 85/300; elapsed=1555.3s; avg=18.30s/sample; ETA=3934s; acc=0.965; macro_f1=0.327; generations=82; stage_counts={'head_clean_fallback': 72, 'c4_early_exit': 10, 'head_injection_fallback': 3}
[2026-07-19 23:36:32] LoRA + C4-C6 optimized progress 90/300; elapsed=1671.3s; avg=18.57s/sample; ETA=3900s; acc=0.967; macro_f1=0.328; generations=87; stage_counts={'head_clean_fallback': 76, 'c4_early_exit': 11, 'head_injection_fallback': 3}
[2026-07-19 23:38:28] LoRA + C4-C6 optimized progress 95/300; elapsed=1788.2s; avg=18.82s/sample; ETA=3859s; acc=0.968; macro_f1=0.328; generations=92; stage_counts={'head_clean_fallback': 81, 'c4_early_exit': 11, 'head_injection_fallback': 3}
[2026-07-19 23:40:26] LoRA + C4-C6 optimized progress 100/300; elapsed=1905.8s; avg=19.06s/sample; ETA=3812s; acc=0.970; macro_f1=0.328; generations=97; stage_counts={'head_clean_fallback': 86, 'c4_early_exit': 11, 'head_injection_fallback': 3}
[2026-07-19 23:40:26] LoRA + C4-C6 optimized class-batch label=clean completed=100; batch_size=50; acc=0.960; macro_f1=0.327
[2026-07-19 23:41:36] LoRA + C4-C6 optimized progress 105/300; elapsed=1976.1s; avg=18.82s/sample; ETA=3670s; acc=0.943; macro_f1=0.457; generations=100; stage_counts={'head_clean_fallback': 89, 'c4_early_exit': 11, 'head_injection_fallback': 3, 'c5_rules': 2}
[2026-07-19 23:42:00] LoRA + C4-C6 optimized progress 110/300; elapsed=1999.7s; avg=18.18s/sample; ETA=3454s; acc=0.936; macro_f1=0.532; generations=101; stage_counts={'head_clean_fallback': 90, 'c4_early_exit': 11, 'head_injection_fallback': 3, 'c5_rules': 6}
[2026-07-19 23:43:10] LoRA + C4-C6 optimized progress 115/300; elapsed=2069.9s; avg=18.00s/sample; ETA=3330s; acc=0.913; macro_f1=0.522; generations=104; stage_counts={'head_clean_fallback': 93, 'c4_early_exit': 11, 'head_injection_fallback': 3, 'c5_rules': 8}
[2026-07-19 23:44:32] LoRA + C4-C6 optimized progress 120/300; elapsed=2151.4s; avg=17.93s/sample; ETA=3227s; acc=0.900; macro_f1=0.530; generations=106; stage_counts={'head_clean_fallback': 95, 'c4_early_exit': 11, 'head_injection_fallback': 6, 'c5_rules': 8}
[2026-07-19 23:45:07] LoRA + C4-C6 optimized progress 125/300; elapsed=2186.7s; avg=17.49s/sample; ETA=3061s; acc=0.896; macro_f1=0.545; generations=107; stage_counts={'head_clean_fallback': 96, 'c4_early_exit': 11, 'head_injection_fallback': 7, 'c5_rules': 11}
[2026-07-19 23:46:18] LoRA + C4-C6 optimized progress 130/300; elapsed=2257.7s; avg=17.37s/sample; ETA=2952s; acc=0.885; macro_f1=0.545; generations=109; stage_counts={'head_clean_fallback': 98, 'c4_early_exit': 11, 'head_injection_fallback': 9, 'c5_rules': 12}
[2026-07-19 23:46:53] LoRA + C4-C6 optimized progress 135/300; elapsed=2292.8s; avg=16.98s/sample; ETA=2802s; acc=0.881; macro_f1=0.552; generations=110; stage_counts={'head_clean_fallback': 99, 'c4_early_exit': 11, 'head_injection_fallback': 10, 'c5_rules': 15}
[2026-07-19 23:48:02] LoRA + C4-C6 optimized progress 140/300; elapsed=2362.2s; avg=16.87s/sample; ETA=2700s; acc=0.864; macro_f1=0.542; generations=113; stage_counts={'head_clean_fallback': 102, 'c4_early_exit': 11, 'head_injection_fallback': 10, 'c5_rules': 17}
[2026-07-19 23:49:01] LoRA + C4-C6 optimized progress 145/300; elapsed=2420.7s; avg=16.69s/sample; ETA=2588s; acc=0.855; macro_f1=0.541; generations=115; stage_counts={'head_clean_fallback': 104, 'c4_early_exit': 11, 'head_injection_fallback': 11, 'c5_rules': 19}
[2026-07-19 23:49:25] LoRA + C4-C6 optimized progress 150/300; elapsed=2445.1s; avg=16.30s/sample; ETA=2445s; acc=0.853; macro_f1=0.545; generations=116; stage_counts={'head_clean_fallback': 105, 'c4_early_exit': 11, 'head_injection_fallback': 11, 'c5_rules': 23}
[2026-07-19 23:49:25] LoRA + C4-C6 optimized class-batch label=direct completed=50; batch_size=50; acc=0.620; macro_f1=0.255
[2026-07-19 23:50:01] LoRA + C4-C6 optimized progress 155/300; elapsed=2481.2s; avg=16.01s/sample; ETA=2321s; acc=0.852; macro_f1=0.549; generations=117; stage_counts={'head_clean_fallback': 106, 'c4_early_exit': 11, 'head_injection_fallback': 12, 'c5_rules': 26}
[2026-07-19 23:51:14] LoRA + C4-C6 optimized progress 160/300; elapsed=2553.5s; avg=15.96s/sample; ETA=2234s; acc=0.838; macro_f1=0.541; generations=120; stage_counts={'head_clean_fallback': 109, 'c4_early_exit': 11, 'head_injection_fallback': 12, 'c5_rules': 28}
[2026-07-19 23:52:01] LoRA + C4-C6 optimized progress 165/300; elapsed=2600.8s; avg=15.76s/sample; ETA=2128s; acc=0.830; macro_f1=0.538; generations=122; stage_counts={'head_clean_fallback': 111, 'c4_early_exit': 11, 'head_injection_fallback': 12, 'c5_rules': 31}
[2026-07-19 23:52:37] LoRA + C4-C6 optimized progress 170/300; elapsed=2636.5s; avg=15.51s/sample; ETA=2016s; acc=0.829; macro_f1=0.541; generations=123; stage_counts={'head_clean_fallback': 112, 'c4_early_exit': 11, 'head_injection_fallback': 13, 'c5_rules': 34}
[2026-07-19 23:53:35] LoRA + C4-C6 optimized progress 175/300; elapsed=2695.1s; avg=15.40s/sample; ETA=1925s; acc=0.823; macro_f1=0.538; generations=125; stage_counts={'head_clean_fallback': 114, 'c4_early_exit': 11, 'head_injection_fallback': 14, 'c5_rules': 36}
[2026-07-19 23:54:46] LoRA + C4-C6 optimized progress 180/300; elapsed=2766.1s; avg=15.37s/sample; ETA=1844s; acc=0.811; macro_f1=0.531; generations=128; stage_counts={'head_clean_fallback': 117, 'c4_early_exit': 11, 'head_injection_fallback': 14, 'c5_rules': 38}
[2026-07-19 23:55:34] LoRA + C4-C6 optimized progress 185/300; elapsed=2813.6s; avg=15.21s/sample; ETA=1749s; acc=0.805; macro_f1=0.529; generations=130; stage_counts={'head_clean_fallback': 119, 'c4_early_exit': 11, 'head_injection_fallback': 14, 'c5_rules': 41}
[2026-07-19 23:56:56] LoRA + C4-C6 optimized progress 190/300; elapsed=2895.7s; avg=15.24s/sample; ETA=1676s; acc=0.795; macro_f1=0.522; generations=133; stage_counts={'head_clean_fallback': 122, 'c4_early_exit': 11, 'head_injection_fallback': 15, 'c5_rules': 42}
[2026-07-19 23:57:43] LoRA + C4-C6 optimized progress 195/300; elapsed=2943.2s; avg=15.09s/sample; ETA=1585s; acc=0.790; macro_f1=0.520; generations=135; stage_counts={'head_clean_fallback': 124, 'c4_early_exit': 11, 'head_injection_fallback': 15, 'c5_rules': 45}
[2026-07-19 23:58:19] LoRA + C4-C6 optimized progress 200/300; elapsed=2978.4s; avg=14.89s/sample; ETA=1489s; acc=0.790; macro_f1=0.522; generations=136; stage_counts={'head_clean_fallback': 125, 'c4_early_exit': 11, 'head_injection_fallback': 16, 'c5_rules': 48}
[2026-07-19 23:58:19] LoRA + C4-C6 optimized class-batch label=direct completed=100; batch_size=50; acc=0.600; macro_f1=0.250
[2026-07-19 23:58:19] LoRA + C4-C6 optimized progress 205/300; elapsed=2978.4s; avg=14.53s/sample; ETA=1380s; acc=0.795; macro_f1=0.855; generations=136; stage_counts={'head_clean_fallback': 125, 'c4_early_exit': 11, 'head_injection_fallback': 16, 'c5_rules': 48, 'c6_crossmodal': 5}
[2026-07-19 23:58:19] LoRA + C4-C6 optimized progress 210/300; elapsed=2978.4s; avg=14.18s/sample; ETA=1276s; acc=0.800; macro_f1=0.855; generations=136; stage_counts={'head_clean_fallback': 125, 'c4_early_exit': 11, 'head_injection_fallback': 16, 'c5_rules': 48, 'c6_crossmodal': 10}
[2026-07-19 23:58:19] LoRA + C4-C6 optimized progress 215/300; elapsed=2978.4s; avg=13.85s/sample; ETA=1178s; acc=0.805; macro_f1=0.855; generations=136; stage_counts={'head_clean_fallback': 125, 'c4_early_exit': 11, 'head_injection_fallback': 16, 'c5_rules': 48, 'c6_crossmodal': 15}
[2026-07-19 23:58:19] LoRA + C4-C6 optimized progress 220/300; elapsed=2978.4s; avg=13.54s/sample; ETA=1083s; acc=0.809; macro_f1=0.855; generations=136; stage_counts={'head_clean_fallback': 125, 'c4_early_exit': 11, 'head_injection_fallback': 16, 'c5_rules': 48, 'c6_crossmodal': 20}
[2026-07-19 23:58:19] LoRA + C4-C6 optimized progress 225/300; elapsed=2978.4s; avg=13.24s/sample; ETA=993s; acc=0.813; macro_f1=0.855; generations=136; stage_counts={'head_clean_fallback': 125, 'c4_early_exit': 11, 'head_injection_fallback': 16, 'c5_rules': 48, 'c6_crossmodal': 25}
[2026-07-19 23:58:19] LoRA + C4-C6 optimized progress 230/300; elapsed=2978.4s; avg=12.95s/sample; ETA=906s; acc=0.817; macro_f1=0.855; generations=136; stage_counts={'head_clean_fallback': 125, 'c4_early_exit': 11, 'head_injection_fallback': 16, 'c5_rules': 48, 'c6_crossmodal': 30}
[2026-07-19 23:58:19] LoRA + C4-C6 optimized progress 235/300; elapsed=2978.4s; avg=12.67s/sample; ETA=824s; acc=0.821; macro_f1=0.855; generations=136; stage_counts={'head_clean_fallback': 125, 'c4_early_exit': 11, 'head_injection_fallback': 16, 'c5_rules': 48, 'c6_crossmodal': 35}
[2026-07-19 23:58:19] LoRA + C4-C6 optimized progress 240/300; elapsed=2978.4s; avg=12.41s/sample; ETA=745s; acc=0.825; macro_f1=0.855; generations=136; stage_counts={'head_clean_fallback': 125, 'c4_early_exit': 11, 'head_injection_fallback': 16, 'c5_rules': 48, 'c6_crossmodal': 40}
[2026-07-19 23:58:19] LoRA + C4-C6 optimized progress 245/300; elapsed=2978.4s; avg=12.16s/sample; ETA=669s; acc=0.829; macro_f1=0.855; generations=136; stage_counts={'head_clean_fallback': 125, 'c4_early_exit': 11, 'head_injection_fallback': 16, 'c5_rules': 48, 'c6_crossmodal': 45}
[2026-07-19 23:58:19] LoRA + C4-C6 optimized progress 250/300; elapsed=2978.4s; avg=11.91s/sample; ETA=596s; acc=0.832; macro_f1=0.855; generations=136; stage_counts={'head_clean_fallback': 125, 'c4_early_exit': 11, 'head_injection_fallback': 16, 'c5_rules': 48, 'c6_crossmodal': 50}
[2026-07-19 23:58:19] LoRA + C4-C6 optimized class-batch label=indirect completed=50; batch_size=50; acc=1.000; macro_f1=0.333
[2026-07-19 23:58:19] LoRA + C4-C6 optimized progress 255/300; elapsed=2978.4s; avg=11.68s/sample; ETA=526s; acc=0.835; macro_f1=0.855; generations=136; stage_counts={'head_clean_fallback': 125, 'c4_early_exit': 11, 'head_injection_fallback': 16, 'c5_rules': 48, 'c6_crossmodal': 55}
[2026-07-19 23:58:19] LoRA + C4-C6 optimized progress 260/300; elapsed=2978.4s; avg=11.46s/sample; ETA=458s; acc=0.838; macro_f1=0.855; generations=136; stage_counts={'head_clean_fallback': 125, 'c4_early_exit': 11, 'head_injection_fallback': 16, 'c5_rules': 48, 'c6_crossmodal': 60}
[2026-07-19 23:58:19] LoRA + C4-C6 optimized progress 265/300; elapsed=2978.4s; avg=11.24s/sample; ETA=393s; acc=0.842; macro_f1=0.855; generations=136; stage_counts={'head_clean_fallback': 125, 'c4_early_exit': 11, 'head_injection_fallback': 16, 'c5_rules': 48, 'c6_crossmodal': 65}
[2026-07-19 23:58:19] LoRA + C4-C6 optimized progress 270/300; elapsed=2978.4s; avg=11.03s/sample; ETA=331s; acc=0.844; macro_f1=0.855; generations=136; stage_counts={'head_clean_fallback': 125, 'c4_early_exit': 11, 'head_injection_fallback': 16, 'c5_rules': 48, 'c6_crossmodal': 70}
[2026-07-19 23:58:19] LoRA + C4-C6 optimized progress 275/300; elapsed=2978.4s; avg=10.83s/sample; ETA=271s; acc=0.847; macro_f1=0.855; generations=136; stage_counts={'head_clean_fallback': 125, 'c4_early_exit': 11, 'head_injection_fallback': 16, 'c5_rules': 48, 'c6_crossmodal': 75}
[2026-07-19 23:58:19] LoRA + C4-C6 optimized progress 280/300; elapsed=2978.4s; avg=10.64s/sample; ETA=213s; acc=0.850; macro_f1=0.855; generations=136; stage_counts={'head_clean_fallback': 125, 'c4_early_exit': 11, 'head_injection_fallback': 16, 'c5_rules': 48, 'c6_crossmodal': 80}
[2026-07-19 23:58:19] LoRA + C4-C6 optimized progress 285/300; elapsed=2978.4s; avg=10.45s/sample; ETA=157s; acc=0.853; macro_f1=0.855; generations=136; stage_counts={'head_clean_fallback': 125, 'c4_early_exit': 11, 'head_injection_fallback': 16, 'c5_rules': 48, 'c6_crossmodal': 85}
[2026-07-19 23:58:19] LoRA + C4-C6 optimized progress 290/300; elapsed=2978.4s; avg=10.27s/sample; ETA=103s; acc=0.855; macro_f1=0.855; generations=136; stage_counts={'head_clean_fallback': 125, 'c4_early_exit': 11, 'head_injection_fallback': 16, 'c5_rules': 48, 'c6_crossmodal': 90}
[2026-07-19 23:58:19] LoRA + C4-C6 optimized progress 295/300; elapsed=2978.5s; avg=10.10s/sample; ETA=50s; acc=0.858; macro_f1=0.855; generations=136; stage_counts={'head_clean_fallback': 125, 'c4_early_exit': 11, 'head_injection_fallback': 16, 'c5_rules': 48, 'c6_crossmodal': 95}
[2026-07-19 23:58:19] LoRA + C4-C6 optimized progress 300/300; elapsed=2978.5s; avg=9.93s/sample; ETA=0s; acc=0.860; macro_f1=0.855; generations=136; stage_counts={'head_clean_fallback': 125, 'c4_early_exit': 11, 'head_injection_fallback': 16, 'c5_rules': 48, 'c6_crossmodal': 100}
[2026-07-19 23:58:19] LoRA + C4-C6 optimized class-batch label=indirect completed=100; batch_size=50; acc=1.000; macro_f1=0.333
[2026-07-19 23:58:19] DONE summary=runs\generation_pipeline_compare_balanced_600_100pc_20260719_2146\artifacts\compare_summary.md
